ble_hci_le.c:22:12:hci_disconnect	312	static
ble_hci_le.c:47:12:hci_read_remote_version_information	312	static
ble_hci_le.c:69:12:hci_set_event_mask	312	static
ble_hci_le.c:90:12:hci_reset	40	static
ble_hci_le.c:104:12:hci_read_transmit_power_level	312	static
ble_hci_le.c:133:12:hci_set_controller_to_host_flow_control	312	static
ble_hci_le.c:154:12:hci_host_buffer_size	320	static
ble_hci_le.c:184:12:hci_host_number_of_completed_packets	312	static
ble_hci_le.c:208:12:hci_read_local_version_information	64	static
ble_hci_le.c:234:12:hci_read_local_supported_commands	112	static
ble_hci_le.c:252:12:hci_read_local_supported_features	56	static
ble_hci_le.c:270:12:hci_read_bd_addr	48	static
ble_hci_le.c:288:12:hci_read_rssi	312	static
ble_hci_le.c:314:12:hci_le_set_event_mask	312	static
ble_hci_le.c:335:12:hci_le_read_buffer_size	48	static
ble_hci_le.c:355:12:hci_le_read_local_supported_features	56	static
ble_hci_le.c:373:12:hci_le_set_random_address	312	static
ble_hci_le.c:394:12:hci_le_set_advertising_parameters	320	static
ble_hci_le.c:436:12:hci_le_read_advertising_channel_tx_power	48	static
ble_hci_le.c:454:12:hci_le_set_advertising_data	312	static
ble_hci_le.c:478:12:hci_le_set_scan_response_data	312	static
ble_hci_le.c:502:12:hci_le_set_advertise_enable	312	static
ble_hci_le.c:523:12:hci_le_set_scan_parameters	320	static
ble_hci_le.c:556:12:hci_le_set_scan_enable	312	static
ble_hci_le.c:580:12:hci_le_create_connection	320	static
ble_hci_le.c:635:12:hci_le_create_connection_cancel	40	static
ble_hci_le.c:649:12:hci_le_read_white_list_size	48	static
ble_hci_le.c:667:12:hci_le_clear_white_list	40	static
ble_hci_le.c:681:12:hci_le_add_device_to_white_list	312	static
ble_hci_le.c:705:12:hci_le_remove_device_from_white_list	312	static
ble_hci_le.c:729:12:hci_le_connection_update	320	static
ble_hci_le.c:769:12:hci_le_set_host_channel_classification	312	static
ble_hci_le.c:790:12:hci_le_read_channel_map	312	static
ble_hci_le.c:816:12:hci_le_read_remote_features	312	static
ble_hci_le.c:838:12:hci_le_encrypt	336	static
ble_hci_le.c:867:12:hci_le_rand	56	static
ble_hci_le.c:885:12:hci_le_start_encryption	328	static
ble_hci_le.c:916:12:hci_le_long_term_key_request_reply	312	static
ble_hci_le.c:943:12:hci_le_long_term_key_requested_negative_reply	312	static
ble_hci_le.c:967:12:hci_le_read_supported_states	56	static
ble_hci_le.c:985:12:hci_le_receiver_test	312	static
ble_hci_le.c:1006:12:hci_le_transmitter_test	320	static
ble_hci_le.c:1033:12:hci_le_test_end	48	static
ble_hci_le.c:1051:12:hci_le_set_data_length	320	static
ble_hci_le.c:1081:12:hci_le_read_suggested_default_data_length	48	static
ble_hci_le.c:1101:12:hci_le_write_suggested_default_data_length	312	static
ble_hci_le.c:1125:12:hci_le_read_local_p256_public_key	40	static
ble_hci_le.c:1140:12:hci_le_generate_dhkey	312	static
ble_hci_le.c:1162:12:hci_le_add_device_to_resolving_list	328	static
ble_hci_le.c:1192:12:hci_le_remove_device_from_resolving_list	312	static
ble_hci_le.c:1216:12:hci_le_clear_resolving_list	40	static
ble_hci_le.c:1230:12:hci_le_read_resolving_list_size	48	static
ble_hci_le.c:1248:12:hci_le_read_peer_resolvable_address	320	static
ble_hci_le.c:1277:12:hci_le_read_local_resolvable_address	320	static
ble_hci_le.c:1306:12:hci_le_set_address_resolution_enable	312	static
ble_hci_le.c:1327:12:hci_le_set_resolvable_private_address_timeout	312	static
ble_hci_le.c:1348:12:hci_le_read_maximum_data_length	64	static
ble_hci_le.c:1372:12:hci_le_read_phy	320	static
ble_hci_le.c:1400:12:hci_le_set_default_phy	320	static
ble_hci_le.c:1427:12:hci_le_set_phy	320	static
ble_hci_le.c:1461:12:hci_le_enhanced_receiver_test	320	static
ble_hci_le.c:1488:12:hci_le_enhanced_transmitter_test	320	static
ble_hci_le.c:1518:12:hci_le_read_transmit_power	48	static
ble_hci_le.c:1538:12:hci_le_set_privacy_mode	312	static
