stm32wbxx_ll_pwr.h:1415:22:LL_PWR_SMPS_Enable	4	static
stm32wbxx_ll_pwr.h:1457:22:LL_PWR_SMPS_SetStartupCurrent	16	static
stm32wbxx_ll_pwr.h:1504:22:LL_PWR_SMPS_SetOutputVoltageLevel	32	static
stm32wbxx_ll_pwr.h:1664:22:LL_C2_PWR_SetPowerMode	16	static
stm32wbxx_ll_exti.h:530:22:LL_EXTI_DisableIT_32_63	16	static
stm32wbxx_ll_rcc.h:1347:22:LL_RCC_HSE_SetCapacitorTuning	16	static
stm32wbxx_ll_rcc.h:2331:22:LL_RCC_SetClkAfterWakeFromStop	16	static
stm32wbxx_ll_rcc.h:2895:22:LL_RCC_ForceBackupDomainReset	4	static
stm32wbxx_ll_rcc.h:2905:22:LL_RCC_ReleaseBackupDomainReset	4	static
stm32wbxx_ll_rcc.h:4051:26:LL_RCC_IsActiveFlag_PINRST	4	static
stm32wbxx_ll_rcc.h:4061:26:LL_RCC_IsActiveFlag_SFTRST	4	static
stm32wbxx_ll_bus.h:745:22:LL_AHB3_GRP1_EnableClock	24	static
stm32wbxx_ll_ipcc.h:313:22:LL_C1_IPCC_DisableTransmitChannel	16	static
stm32wbxx_ll_ipcc.h:382:22:LL_C1_IPCC_DisableReceiveChannel	16	static
stm32wbxx_ll_ipcc.h:451:22:LL_C2_IPCC_DisableTransmitChannel	16	static
stm32wbxx_ll_ipcc.h:520:22:LL_C2_IPCC_DisableReceiveChannel	16	static
stm32wbxx_ll_ipcc.h:575:22:LL_C1_IPCC_ClearFlag_CHx	16	static
stm32wbxx_ll_ipcc.h:646:22:LL_C2_IPCC_ClearFlag_CHx	16	static
stm32wbxx_ll_cortex.h:311:22:LL_LPM_EnableSleep	4	static
stm32wbxx_ll_rtc.h:1034:22:LL_RTC_EnableWriteProtection	16	static
stm32wbxx_ll_rtc.h:1045:22:LL_RTC_DisableWriteProtection	16	static
stm32wbxx_ll_rtc.h:3009:22:LL_RTC_WAKEUP_SetClock	16	static
app_entry.c:86:6:MX_APPE_Config	8	static
app_entry.c:106:6:MX_APPE_Init	8	static
app_entry.c:130:6:Init_Smps	8	static
app_entry.c:148:6:Init_Exti	8	static
app_entry.c:166:13:Reset_Device	8	static
app_entry.c:178:13:Reset_BackupDomain	8	static
app_entry.c:197:13:Reset_IPCC	8	static
app_entry.c:235:13:Config_HSE	16	static
app_entry.c:251:13:System_Init	8	static
app_entry.c:262:13:Init_Rtc	8	static
app_entry.c:283:13:SystemPower_Config	8	static
app_entry.c:305:13:appe_Tl_Init	40	static
app_entry.c:330:13:APPE_SysStatusNot	16	static
app_entry.c:345:13:APPE_SysUserEvtRx	16	static
app_entry.c:365:6:HAL_Delay	24	static,ignoring_inline_asm
app_entry.c:394:6:MX_APPE_Process	8	static
app_entry.c:405:6:UTIL_SEQ_Idle	4	static
app_entry.c:420:6:UTIL_SEQ_EvtIdle	16	static
app_entry.c:425:6:shci_notify_asynch_evt	16	static
app_entry.c:431:6:shci_cmd_resp_release	16	static
app_entry.c:437:6:shci_cmd_resp_wait	16	static
app_entry.c:444:6:HAL_GPIO_EXTI_Callback	16	static
