stm32wbxx_hal_rtc.c:231:19:HAL_RTC_Init	16	static
stm32wbxx_hal_rtc.c:361:19:HAL_RTC_DeInit	24	static
stm32wbxx_hal_rtc.c:698:13:HAL_RTC_MspInit	16	static
stm32wbxx_hal_rtc.c:713:13:HAL_RTC_MspDeInit	16	static
stm32wbxx_hal_rtc.c:751:19:HAL_RTC_SetTime	40	static
stm32wbxx_hal_rtc.c:883:19:HAL_RTC_GetTime	32	static
stm32wbxx_hal_rtc.c:927:19:HAL_RTC_SetDate	40	static
stm32wbxx_hal_rtc.c:1036:19:HAL_RTC_GetDate	32	static
stm32wbxx_hal_rtc.c:1069:6:HAL_RTC_DST_Add1Hour	16	static
stm32wbxx_hal_rtc.c:1083:6:HAL_RTC_DST_Sub1Hour	16	static
stm32wbxx_hal_rtc.c:1097:6:HAL_RTC_DST_SetStoreOperation	16	static
stm32wbxx_hal_rtc.c:1110:6:HAL_RTC_DST_ClearStoreOperation	16	static
stm32wbxx_hal_rtc.c:1123:10:HAL_RTC_DST_ReadStoreOperation	16	static
stm32wbxx_hal_rtc.c:1157:19:HAL_RTC_SetAlarm	48	static
stm32wbxx_hal_rtc.c:1338:19:HAL_RTC_SetAlarm_IT	48	static
stm32wbxx_hal_rtc.c:1520:19:HAL_RTC_DeactivateAlarm	24	static
stm32wbxx_hal_rtc.c:1614:19:HAL_RTC_GetAlarm	32	static
stm32wbxx_hal_rtc.c:1674:6:HAL_RTC_AlarmIRQHandler	16	static
stm32wbxx_hal_rtc.c:1723:13:HAL_RTC_AlarmAEventCallback	16	static
stm32wbxx_hal_rtc.c:1739:19:HAL_RTC_PollForAlarmAEvent	24	static
stm32wbxx_hal_rtc.c:1798:19:HAL_RTC_WaitForSynchro	24	static
stm32wbxx_hal_rtc.c:1842:21:HAL_RTC_GetState	16	static
stm32wbxx_hal_rtc.c:1865:19:RTC_EnterInitMode	24	static
stm32wbxx_hal_rtc.c:1895:9:RTC_ByteToBcd2	24	static
stm32wbxx_hal_rtc.c:1914:9:RTC_Bcd2ToByte	24	static
