stm32wbxx_ll_system.h:2221:26:LL_FLASH_GetUDN	4	static
stm32wbxx_ll_system.h:2233:26:LL_FLASH_GetDeviceID	4	static
stm32wbxx_ll_system.h:2245:26:LL_FLASH_GetSTCompanyID	4	static
app_ble.c:256:6:APP_BLE_Init	64	static
app_ble.c:366:28:SVCCTL_App_Notification	48	static
app_ble.c:553:22:APP_BLE_Get_Server_Connection_Status	4	static
app_ble.c:566:13:Ble_Tl_Init	16	static
app_ble.c:577:13:Ble_Hci_Gap_Gatt_Init	72	static
app_ble.c:749:13:Adv_Request	56	static
app_ble.c:783:16:BleGetBdAddress	32	static
app_ble.c:840:13:Adv_Cancel	16	static
app_ble.c:918:6:APP_BLE_Key_Button1_Action	8	static
app_ble.c:927:6:hci_notify_asynch_evt	16	static
app_ble.c:933:6:hci_cmd_resp_release	16	static
app_ble.c:939:6:hci_cmd_resp_wait	16	static
app_ble.c:945:13:BLE_UserEvtRx	24	static
app_ble.c:963:13:BLE_StatusNot	24	static
app_ble.c:994:6:SVCCTL_ResumeUserEventFlow	8	static
